/home/djnoh/repos/rasta-protocol/sil4/src/rsrx_api.c:4:13:vSetDirectReport	64	static
/home/djnoh/repos/rasta-protocol/sil4/src/rsrx_api.c:32:31:eResolveBusyRejectDiagnostic	48	static
/home/djnoh/repos/rasta-protocol/sil4/src/rsrx_api.c:55:28:eMapDirectDiagnosticSeverity	16	static
/home/djnoh/repos/rasta-protocol/sil4/src/rsrx_api.c:79:13:vWriteDirectDiagnostic	80	static
/home/djnoh/repos/rasta-protocol/sil4/src/rsrx_api.c:106:13:vNotifyDirectReject	32	static
/home/djnoh/repos/rasta-protocol/sil4/src/rsrx_api.c:131:13:vApiExecutorDispatch	64	static
/home/djnoh/repos/rasta-protocol/sil4/src/rsrx_api.c:151:13:vApplicationExecutorDispatch	112	static
/home/djnoh/repos/rasta-protocol/sil4/src/rsrx_api.c:189:13:vLifecycleExecutorDispatch	64	static
/home/djnoh/repos/rasta-protocol/sil4/src/rsrx_api.c:216:22:eProcessSessionEvent	64	static
/home/djnoh/repos/rasta-protocol/sil4/src/rsrx_api.c:272:22:eMapTimerSourceToEvent	16	static
/home/djnoh/repos/rasta-protocol/sil4/src/rsrx_api.c:298:15:rsrx_session_init	128	dynamic,bounded
/home/djnoh/repos/rasta-protocol/sil4/src/rsrx_api.c:385:15:rsrx_session_start	32	static
/home/djnoh/repos/rasta-protocol/sil4/src/rsrx_api.c:392:15:rsrx_session_connect	32	static
/home/djnoh/repos/rasta-protocol/sil4/src/rsrx_api.c:399:15:rsrx_session_disconnect	32	static
/home/djnoh/repos/rasta-protocol/sil4/src/rsrx_api.c:406:15:rsrx_session_process_event	48	static
/home/djnoh/repos/rasta-protocol/sil4/src/rsrx_api.c:414:15:rsrx_session_process_timer_expiry	64	static
/home/djnoh/repos/rasta-protocol/sil4/src/rsrx_api.c:429:15:rsrx_session_send_application_data	64	static
/home/djnoh/repos/rasta-protocol/sil4/src/rsrx_api.c:464:40:rsrx_session_get_outbound_telemetry	32	static
/home/djnoh/repos/rasta-protocol/sil4/src/rsrx_api.c:477:14:rsrx_session_get_state	32	static
/home/djnoh/repos/rasta-protocol/sil4/src/rsrx_api.c:489:15:rsrx_session_reset	48	static
