/home/djnoh/repos/rasta-protocol/sil4/src/rsrx_platform_adapters.c:3:17:uTransportPortIsValid	16	static
/home/djnoh/repos/rasta-protocol/sil4/src/rsrx_platform_adapters.c:12:17:uCodecPortIsValid	16	static
/home/djnoh/repos/rasta-protocol/sil4/src/rsrx_platform_adapters.c:19:17:uPortTableIsValid	16	static
/home/djnoh/repos/rasta-protocol/sil4/src/rsrx_platform_adapters.c:28:17:uExecutorIsValid	16	static
/home/djnoh/repos/rasta-protocol/sil4/src/rsrx_platform_adapters.c:35:17:uActionUsesTransport	16	static
/home/djnoh/repos/rasta-protocol/sil4/src/rsrx_platform_adapters.c:45:28:eMapActionToMessageType	16	static
/home/djnoh/repos/rasta-protocol/sil4/src/rsrx_platform_adapters.c:71:24:puResolvePayload	16	static
/home/djnoh/repos/rasta-protocol/sil4/src/rsrx_platform_adapters.c:98:13:vRefreshDeferredQueueState	16	static
/home/djnoh/repos/rasta-protocol/sil4/src/rsrx_platform_adapters.c:109:13:vDropDeferredSendFront	40	static
/home/djnoh/repos/rasta-protocol/sil4/src/rsrx_platform_adapters.c:147:13:vDispatchDeferredSendIfPresent	48	static
/home/djnoh/repos/rasta-protocol/sil4/src/rsrx_platform_adapters.c:172:13:vClearOutstandingSend	32	static
/home/djnoh/repos/rasta-protocol/sil4/src/rsrx_platform_adapters.c:205:32:eEncodeAndSend	192	static
/home/djnoh/repos/rasta-protocol/sil4/src/rsrx_platform_adapters.c:341:32:eRefreshChannelManagerState	64	static
/home/djnoh/repos/rasta-protocol/sil4/src/rsrx_platform_adapters.c:376:25:rsrx_transport_adapter_init	80	static
/home/djnoh/repos/rasta-protocol/sil4/src/rsrx_platform_adapters.c:438:6:rsrx_transport_executor_dispatch	96	static
/home/djnoh/repos/rasta-protocol/sil4/src/rsrx_platform_adapters.c:473:6:rsrx_transport_adapter_record_inbound_message	32	static
/home/djnoh/repos/rasta-protocol/sil4/src/rsrx_platform_adapters.c:491:32:rsrx_transport_adapter_get_last_inbound_message	16	static
/home/djnoh/repos/rasta-protocol/sil4/src/rsrx_platform_adapters.c:503:25:rsrx_transport_adapter_query_channel	112	static
/home/djnoh/repos/rasta-protocol/sil4/src/rsrx_platform_adapters.c:545:25:rsrx_transport_adapter_receive_frame	32	static
/home/djnoh/repos/rasta-protocol/sil4/src/rsrx_platform_adapters.c:560:25:rsrx_transport_adapter_send_application_data	48	static
/home/djnoh/repos/rasta-protocol/sil4/src/rsrx_platform_adapters.c:573:10:rsrx_transport_adapter_has_outstanding_send	16	static
/home/djnoh/repos/rasta-protocol/sil4/src/rsrx_platform_adapters.c:584:29:rsrx_transport_adapter_get_outstanding_send_channel	16	static
/home/djnoh/repos/rasta-protocol/sil4/src/rsrx_platform_adapters.c:596:6:rsrx_transport_adapter_clear_outstanding_send	32	static
/home/djnoh/repos/rasta-protocol/sil4/src/rsrx_platform_adapters.c:602:6:rsrx_transport_adapter_clear_outstanding_send_on_feedback	32	static
/home/djnoh/repos/rasta-protocol/sil4/src/rsrx_platform_adapters.c:608:6:rsrx_transport_adapter_reset_runtime_state	48	static
/home/djnoh/repos/rasta-protocol/sil4/src/rsrx_platform_adapters.c:643:40:rsrx_transport_adapter_get_outbound_telemetry	16	static
/home/djnoh/repos/rasta-protocol/sil4/src/rsrx_platform_adapters.c:654:6:rsrx_transport_adapter_note_busy_reject_escalation	16	static
/home/djnoh/repos/rasta-protocol/sil4/src/rsrx_platform_adapters.c:666:6:rsrx_transport_adapter_clear_retransmission_context	32	static
/home/djnoh/repos/rasta-protocol/sil4/src/rsrx_platform_adapters.c:678:24:eMapTimerId	16	static
/home/djnoh/repos/rasta-protocol/sil4/src/rsrx_platform_adapters.c:692:34:eMapTimerCommand	16	static
/home/djnoh/repos/rasta-protocol/sil4/src/rsrx_platform_adapters.c:708:33:uResolveInterval	16	static
/home/djnoh/repos/rasta-protocol/sil4/src/rsrx_platform_adapters.c:729:28:eMapSeverity	16	static
/home/djnoh/repos/rasta-protocol/sil4/src/rsrx_platform_adapters.c:755:24:rsrx_platform_adapter_init	64	static
/home/djnoh/repos/rasta-protocol/sil4/src/rsrx_platform_adapters.c:777:6:rsrx_platform_timer_executor_dispatch	112	static
/home/djnoh/repos/rasta-protocol/sil4/src/rsrx_platform_adapters.c:812:6:rsrx_platform_diagnostics_executor_dispatch	112	static
/home/djnoh/repos/rasta-protocol/sil4/src/rsrx_platform_adapters.c:844:15:rsrx_platform_adapter_build_executor_table	64	static
