/home/djnoh/repos/rasta-protocol/sil4/src/rsrx_transport_supervisor.c:9:17:uGetEffectiveHoldoffTarget	16	static
/home/djnoh/repos/rasta-protocol/sil4/src/rsrx_transport_supervisor.c:23:13:vResetSupervisorReport	16	static
/home/djnoh/repos/rasta-protocol/sil4/src/rsrx_transport_supervisor.c:139:41:eMapDecisionClass	16	static
/home/djnoh/repos/rasta-protocol/sil4/src/rsrx_transport_supervisor.c:175:13:vRecordDecision	48	static
/home/djnoh/repos/rasta-protocol/sil4/src/rsrx_transport_supervisor.c:221:13:vRefreshChannelSwitchTelemetry	64	static
/home/djnoh/repos/rasta-protocol/sil4/src/rsrx_transport_supervisor.c:578:17:uCountAvailableChannels	16	static
/home/djnoh/repos/rasta-protocol/sil4/src/rsrx_transport_supervisor.c:609:13:vRefreshOutboundQueueTelemetry	48	static
/home/djnoh/repos/rasta-protocol/sil4/src/rsrx_transport_supervisor.c:668:36:eGetActiveChannelId	32	static
/home/djnoh/repos/rasta-protocol/sil4/src/rsrx_transport_supervisor.c:681:21:eResolveInboundEvent	48	static
/home/djnoh/repos/rasta-protocol/sil4/src/rsrx_transport_supervisor.c:698:17:uSessionStatusIsHandled	16	static
/home/djnoh/repos/rasta-protocol/sil4/src/rsrx_transport_supervisor.c:705:33:eProcessSessionEventWithDecisionInternal	64	static
/home/djnoh/repos/rasta-protocol/sil4/src/rsrx_transport_supervisor.c:736:13:vResetSendFailureBudget	16	static
/home/djnoh/repos/rasta-protocol/sil4/src/rsrx_transport_supervisor.c:756:13:vResetReceiveErrorBudget	16	static
/home/djnoh/repos/rasta-protocol/sil4/src/rsrx_transport_supervisor.c:769:17:uReceiveErrorBudgetExceeded	16	static
/home/djnoh/repos/rasta-protocol/sil4/src/rsrx_transport_supervisor.c:781:33:eEscalateToProtocolError	64	static
/home/djnoh/repos/rasta-protocol/sil4/src/rsrx_transport_supervisor.c:811:17:uAlternativeChannelIsAvailable	64	static
/home/djnoh/repos/rasta-protocol/sil4/src/rsrx_transport_supervisor.c:831:17:uRefreshAvailableChannelState	64	static
/home/djnoh/repos/rasta-protocol/sil4/src/rsrx_transport_supervisor.c:850:17:uFrameTargetsActiveChannel	48	static
/home/djnoh/repos/rasta-protocol/sil4/src/rsrx_transport_supervisor.c:862:17:uFrameMatchesOutstandingSend	48	static
/home/djnoh/repos/rasta-protocol/sil4/src/rsrx_transport_supervisor.c:886:17:uSendFailureBudgetExceeded	16	static
/home/djnoh/repos/rasta-protocol/sil4/src/rsrx_transport_supervisor.c:918:33:eProcessFrameInternal	64	static
/home/djnoh/repos/rasta-protocol/sil4/src/rsrx_transport_supervisor.c:984:26:rsrx_transport_supervisor_init	48	static
/home/djnoh/repos/rasta-protocol/sil4/src/rsrx_transport_supervisor.c:1014:26:rsrx_transport_supervisor_process_frame	48	static
/home/djnoh/repos/rasta-protocol/sil4/src/rsrx_transport_supervisor.c:1031:26:rsrx_transport_supervisor_poll_receive	96	static
/home/djnoh/repos/rasta-protocol/sil4/src/rsrx_transport_supervisor.c:1157:26:rsrx_transport_supervisor_pump_receive	64	static
/home/djnoh/repos/rasta-protocol/sil4/src/rsrx_transport_supervisor.c:1211:26:rsrx_transport_supervisor_process_transport_event	64	static
/home/djnoh/repos/rasta-protocol/sil4/src/rsrx_transport_supervisor.c:1365:26:rsrx_transport_supervisor_process_timer_expiry	64	static
