/home/djnoh/repos/rasta-protocol/sil4/tests/integration/test_rsrx_session_supervisor_flow.c:52:13:vAssertTrue	32	static
/home/djnoh/repos/rasta-protocol/sil4/tests/integration/test_rsrx_session_supervisor_flow.c:61:32:eTransportSend	16	static
/home/djnoh/repos/rasta-protocol/sil4/tests/integration/test_rsrx_session_supervisor_flow.c:69:32:eTransportReceive	16	static
/home/djnoh/repos/rasta-protocol/sil4/tests/integration/test_rsrx_session_supervisor_flow.c:90:32:eTransportQuery	16	static
/home/djnoh/repos/rasta-protocol/sil4/tests/integration/test_rsrx_session_supervisor_flow.c:120:13:vSetChannelAvailability	16	static
/home/djnoh/repos/rasta-protocol/sil4/tests/integration/test_rsrx_session_supervisor_flow.c:135:31:eClockNow	16	static
/home/djnoh/repos/rasta-protocol/sil4/tests/integration/test_rsrx_session_supervisor_flow.c:142:31:eTimerCommand	16	static
/home/djnoh/repos/rasta-protocol/sil4/tests/integration/test_rsrx_session_supervisor_flow.c:150:31:eDiagnosticWrite	16	static
/home/djnoh/repos/rasta-protocol/sil4/tests/integration/test_rsrx_session_supervisor_flow.c:158:13:vApplicationDataNotify	16	static
/home/djnoh/repos/rasta-protocol/sil4/tests/integration/test_rsrx_session_supervisor_flow.c:169:13:vApiNotify	24	static
/home/djnoh/repos/rasta-protocol/sil4/tests/integration/test_rsrx_session_supervisor_flow.c:179:13:vLifecycleNotify	24	static
/home/djnoh/repos/rasta-protocol/sil4/tests/integration/test_rsrx_session_supervisor_flow.c:191:13:vSetReceiveScript	16	static
/home/djnoh/repos/rasta-protocol/sil4/tests/integration/test_rsrx_session_supervisor_flow.c:208:13:vEncodeFrame	144	static
/home/djnoh/repos/rasta-protocol/sil4/tests/integration/test_rsrx_session_supervisor_flow.c:236:13:vFillConfig	64	static
/home/djnoh/repos/rasta-protocol/sil4/tests/integration/test_rsrx_session_supervisor_flow.c:285:13:vSetActiveStandbyConfig	16	static
/home/djnoh/repos/rasta-protocol/sil4/tests/integration/test_rsrx_session_supervisor_flow.c:301:13:vSetActiveStandbyHoldoffConfig	32	static
/home/djnoh/repos/rasta-protocol/sil4/tests/integration/test_rsrx_session_supervisor_flow.c:310:13:vTestIntegratedSessionSupervisorFlow	11312	dynamic,bounded
/home/djnoh/repos/rasta-protocol/sil4/tests/integration/test_rsrx_session_supervisor_flow.c:408:13:vTestIntegratedDeferredQueueTelemetryFlow	10736	dynamic,bounded
/home/djnoh/repos/rasta-protocol/sil4/tests/integration/test_rsrx_session_supervisor_flow.c:504:13:vTestIntegratedSessionResetOutboundTelemetryFlow	10112	dynamic,bounded
/home/djnoh/repos/rasta-protocol/sil4/tests/integration/test_rsrx_session_supervisor_flow.c:573:13:vTestIntegratedQueueOverflowRejectFlow	10704	dynamic,bounded
/home/djnoh/repos/rasta-protocol/sil4/tests/integration/test_rsrx_session_supervisor_flow.c:673:13:vTestIntegratedBusyRejectThresholdEscalationFlow	10704	dynamic,bounded
/home/djnoh/repos/rasta-protocol/sil4/tests/integration/test_rsrx_session_supervisor_flow.c:775:13:vTestIntegratedBusyRejectThresholdResetFlow	10736	dynamic,bounded
/home/djnoh/repos/rasta-protocol/sil4/tests/integration/test_rsrx_session_supervisor_flow.c:909:13:vTestIntegratedDeferredQueueFifoDispatchFlow	10736	dynamic,bounded
/home/djnoh/repos/rasta-protocol/sil4/tests/integration/test_rsrx_session_supervisor_flow.c:1002:13:vTestIntegratedDeferredQueueMixedClearOrderingFlow	11296	dynamic,bounded
/home/djnoh/repos/rasta-protocol/sil4/tests/integration/test_rsrx_session_supervisor_flow.c:1115:13:vTestIntegratedBusyRejectThresholdInboundResetFlow	11264	dynamic,bounded
/home/djnoh/repos/rasta-protocol/sil4/tests/integration/test_rsrx_session_supervisor_flow.c:1257:13:vTestIntegratedDeferredQueueMixedClearLongRunFlow	11840	dynamic,bounded
/home/djnoh/repos/rasta-protocol/sil4/tests/integration/test_rsrx_session_supervisor_flow.c:1406:13:vTestIntegratedDeferredQueueTelemetryAccumulationFlow	10736	dynamic,bounded
/home/djnoh/repos/rasta-protocol/sil4/tests/integration/test_rsrx_session_supervisor_flow.c:1519:13:vTestIntegratedQueueOverflowAccumulationFlow	11296	dynamic,bounded
/home/djnoh/repos/rasta-protocol/sil4/tests/integration/test_rsrx_session_supervisor_flow.c:1698:13:vTestIntegratedOverflowBusyAccumulationFlow	10736	dynamic,bounded
/home/djnoh/repos/rasta-protocol/sil4/tests/integration/test_rsrx_session_supervisor_flow.c:1857:13:vTestIntegratedBusyRejectAlternatingResetFlow	11312	dynamic,bounded
/home/djnoh/repos/rasta-protocol/sil4/tests/integration/test_rsrx_session_supervisor_flow.c:2045:13:vTestIntegratedRetransmissionRecoveryFlow	11840	dynamic,bounded
/home/djnoh/repos/rasta-protocol/sil4/tests/integration/test_rsrx_session_supervisor_flow.c:2155:13:vTestIntegratedUnconfirmedRecoveryProtocolErrorFlow	11840	dynamic,bounded
/home/djnoh/repos/rasta-protocol/sil4/tests/integration/test_rsrx_session_supervisor_flow.c:2266:13:vTestIntegratedRepeatedGapRetransmissionFlow	11792	dynamic,bounded
/home/djnoh/repos/rasta-protocol/sil4/tests/integration/test_rsrx_session_supervisor_flow.c:2382:13:vTestIntegratedRepeatedGapRecoveryFlow	12336	dynamic,bounded
/home/djnoh/repos/rasta-protocol/sil4/tests/integration/test_rsrx_session_supervisor_flow.c:2524:13:vTestIntegratedRetransmissionTimeoutFailSafeFlow	11232	dynamic,bounded
/home/djnoh/repos/rasta-protocol/sil4/tests/integration/test_rsrx_session_supervisor_flow.c:2612:13:vTestIntegratedRetransmissionFailoverRecoveryFlow	11792	dynamic,bounded
/home/djnoh/repos/rasta-protocol/sil4/tests/integration/test_rsrx_session_supervisor_flow.c:2736:13:vTestIntegratedRetransmissionChannelUpHoldoffRecoveryFlow	11808	dynamic,bounded
/home/djnoh/repos/rasta-protocol/sil4/tests/integration/test_rsrx_session_supervisor_flow.c:2883:13:vTestIntegratedRetransmissionChannelUpHoldoffRepeatedGapRecoveryFlow	12336	dynamic,bounded
/home/djnoh/repos/rasta-protocol/sil4/tests/integration/test_rsrx_session_supervisor_flow.c:3056:13:vTestIntegratedRetransmissionChannelUpHoldoffTimeoutFlow	11264	dynamic,bounded
/home/djnoh/repos/rasta-protocol/sil4/tests/integration/test_rsrx_session_supervisor_flow.c:3167:13:vTestIntegratedRetransmissionChannelUpHoldoffRepeatedGapTimeoutFlow	11792	dynamic,bounded
/home/djnoh/repos/rasta-protocol/sil4/tests/integration/test_rsrx_session_supervisor_flow.c:3307:13:vTestIntegratedRetransmissionChannelUpHoldoffRepeatedGapUnconfirmedRecoveryProtocolErrorFlow	12336	dynamic,bounded
/home/djnoh/repos/rasta-protocol/sil4/tests/integration/test_rsrx_session_supervisor_flow.c:3466:13:vTestIntegratedRetransmissionChannelUpHoldoffRepeatedGapStaleProtocolErrorFlow	12336	dynamic,bounded
/home/djnoh/repos/rasta-protocol/sil4/tests/integration/test_rsrx_session_supervisor_flow.c:3625:13:vTestIntegratedRetransmissionChannelUpHoldoffRepeatedGapInvalidConfirmationProtocolErrorFlow	12336	dynamic,bounded
/home/djnoh/repos/rasta-protocol/sil4/tests/integration/test_rsrx_session_supervisor_flow.c:3784:13:vTestIntegratedRetransmissionChannelUpHoldoffRepeatedGapStaleFeedbackTimeoutFlow	11792	dynamic,bounded
/home/djnoh/repos/rasta-protocol/sil4/tests/integration/test_rsrx_session_supervisor_flow.c:3927:13:vTestIntegratedRetransmissionChannelUpHoldoffRepeatedGapStaleFeedbackRecoveryFlow	12336	dynamic,bounded
/home/djnoh/repos/rasta-protocol/sil4/tests/integration/test_rsrx_session_supervisor_flow.c:4098:13:vTestIntegratedRetransmissionChannelUpHoldoffRepeatedGapStaleFeedbackRecoveryOrderingFlow	12336	dynamic,bounded
/home/djnoh/repos/rasta-protocol/sil4/tests/integration/test_rsrx_session_supervisor_flow.c:4240:13:vTestIntegratedRetransmissionChannelUpHoldoffRepeatedGapStaleCompletionRecoveryOrderingFlow	12336	dynamic,bounded
/home/djnoh/repos/rasta-protocol/sil4/tests/integration/test_rsrx_session_supervisor_flow.c:4377:13:vTestIntegratedRetransmissionChannelUpHoldoffRepeatedGapStaleCompletionTimeoutFlow	11792	dynamic,bounded
/home/djnoh/repos/rasta-protocol/sil4/tests/integration/test_rsrx_session_supervisor_flow.c:4489:13:vTestIntegratedRetransmissionChannelUpHoldoffRepeatedGapStaleCompletionUnconfirmedRecoveryProtocolErrorFlow	12336	dynamic,bounded
/home/djnoh/repos/rasta-protocol/sil4/tests/integration/test_rsrx_session_supervisor_flow.c:4613:13:vTestIntegratedRetransmissionChannelUpHoldoffRepeatedGapStaleCompletionInvalidConfirmationProtocolErrorFlow	12336	dynamic,bounded
/home/djnoh/repos/rasta-protocol/sil4/tests/integration/test_rsrx_session_supervisor_flow.c:4737:13:vTestIntegratedRetransmissionChannelUpHoldoffRepeatedGapStaleFeedbackUnconfirmedRecoveryProtocolErrorFlow	12336	dynamic,bounded
/home/djnoh/repos/rasta-protocol/sil4/tests/integration/test_rsrx_session_supervisor_flow.c:4903:13:vTestIntegratedRetransmissionChannelUpHoldoffRepeatedGapStaleFeedbackInvalidConfirmationProtocolErrorFlow	12336	dynamic,bounded
/home/djnoh/repos/rasta-protocol/sil4/tests/integration/test_rsrx_session_supervisor_flow.c:5069:13:vTestIntegratedRetransmissionChannelUpHoldoffRepeatedGapStaleFeedbackRegressingConfirmationProtocolErrorFlow	13408	dynamic,bounded
/home/djnoh/repos/rasta-protocol/sil4/tests/integration/test_rsrx_session_supervisor_flow.c:5228:13:vTestIntegratedRetransmissionChannelUpHoldoffRepeatedGapStaleCompletionRegressingConfirmationProtocolErrorFlow	13408	dynamic,bounded
/home/djnoh/repos/rasta-protocol/sil4/tests/integration/test_rsrx_session_supervisor_flow.c:5383:13:vTestIntegratedRetransmissionFailoverTimeoutFlow	11264	dynamic,bounded
/home/djnoh/repos/rasta-protocol/sil4/tests/integration/test_rsrx_session_supervisor_flow.c:5485:13:vTestIntegratedRetransmissionFailoverRepeatedGapRecoveryFlow	12336	dynamic,bounded
/home/djnoh/repos/rasta-protocol/sil4/tests/integration/test_rsrx_session_supervisor_flow.c:5637:13:vTestIntegratedRetransmissionFailoverRepeatedGapTimeoutFlow	11792	dynamic,bounded
/home/djnoh/repos/rasta-protocol/sil4/tests/integration/test_rsrx_session_supervisor_flow.c:5768:13:vTestIntegratedStaleRetransmissionProtocolErrorFlow	11840	dynamic,bounded
/home/djnoh/repos/rasta-protocol/sil4/tests/integration/test_rsrx_session_supervisor_flow.c:5880:13:vTestIntegratedRetransmissionFailoverStaleProtocolErrorFlow	11792	dynamic,bounded
/home/djnoh/repos/rasta-protocol/sil4/tests/integration/test_rsrx_session_supervisor_flow.c:6001:13:vTestIntegratedRetransmissionFailoverUnconfirmedRecoveryProtocolErrorFlow	11792	dynamic,bounded
/home/djnoh/repos/rasta-protocol/sil4/tests/integration/test_rsrx_session_supervisor_flow.c:6126:13:vTestIntegratedRetransmissionFailoverRepeatedGapUnconfirmedRecoveryProtocolErrorFlow	12336	dynamic,bounded
/home/djnoh/repos/rasta-protocol/sil4/tests/integration/test_rsrx_session_supervisor_flow.c:6280:13:vTestIntegratedTimeoutFailSafeFlow	10624	dynamic,bounded
/home/djnoh/repos/rasta-protocol/sil4/tests/integration/test_rsrx_session_supervisor_flow.c:6347:13:vTestIntegratedChannelDownFailSafeFlow	10656	dynamic,bounded
/home/djnoh/repos/rasta-protocol/sil4/tests/integration/test_rsrx_session_supervisor_flow.c:6420:13:vTestIntegratedChannelFailoverFlow	11264	dynamic,bounded
/home/djnoh/repos/rasta-protocol/sil4/tests/integration/test_rsrx_session_supervisor_flow.c:6577:13:vTestIntegratedChannelRecoveryHoldoffFlow	10704	dynamic,bounded
/home/djnoh/repos/rasta-protocol/sil4/tests/integration/test_rsrx_session_supervisor_flow.c:6666:13:vTestIntegratedChannelUpRefreshHoldoffFlow	10704	dynamic,bounded
/home/djnoh/repos/rasta-protocol/sil4/tests/integration/test_rsrx_session_supervisor_flow.c:6765:13:vTestIntegratedChannelUpFlapResetFlow	10704	dynamic,bounded
/home/djnoh/repos/rasta-protocol/sil4/tests/integration/test_rsrx_session_supervisor_flow.c:6871:13:vTestIntegratedChannelUpFlapPenaltyFlow	10688	dynamic,bounded
/home/djnoh/repos/rasta-protocol/sil4/tests/integration/test_rsrx_session_supervisor_flow.c:6992:13:vTestIntegratedChannelUpFlapPenaltyBypassClearFlow	10656	dynamic,bounded
/home/djnoh/repos/rasta-protocol/sil4/tests/integration/test_rsrx_session_supervisor_flow.c:7088:13:vTestIntegratedChannelUpFlapPenaltyAppliedCycleFlow	10656	dynamic,bounded
/home/djnoh/repos/rasta-protocol/sil4/tests/integration/test_rsrx_session_supervisor_flow.c:7184:13:vTestIntegratedChannelUpFlapPenaltyAbortFlow	10656	dynamic,bounded
/home/djnoh/repos/rasta-protocol/sil4/tests/integration/test_rsrx_session_supervisor_flow.c:7283:13:vTestIntegratedFailoverTransientRecoveryFlow	11232	dynamic,bounded
/home/djnoh/repos/rasta-protocol/sil4/tests/integration/test_rsrx_session_supervisor_flow.c:7404:13:vTestIntegratedFailoverTransientSoakFlow	11776	dynamic,bounded
/home/djnoh/repos/rasta-protocol/sil4/tests/integration/test_rsrx_session_supervisor_flow.c:7559:13:vTestIntegratedSendFailureFailoverBudgetResetFlow	10704	dynamic,bounded
/home/djnoh/repos/rasta-protocol/sil4/tests/integration/test_rsrx_session_supervisor_flow.c:7658:13:vTestIntegratedPreferredRecoverySendBudgetIsolationFlow	10672	dynamic,bounded
/home/djnoh/repos/rasta-protocol/sil4/tests/integration/test_rsrx_session_supervisor_flow.c:7753:13:vTestIntegratedPreferredRecoveryReceiveErrorCarryoverFlow	10672	dynamic,bounded
/home/djnoh/repos/rasta-protocol/sil4/tests/integration/test_rsrx_session_supervisor_flow.c:7848:13:vTestIntegratedBudgetScopeCloseoutFlow	10672	dynamic,bounded
/home/djnoh/repos/rasta-protocol/sil4/tests/integration/test_rsrx_session_supervisor_flow.c:7983:13:vTestIntegratedPreferredRecoveryReceiveErrorResetFlow	11200	dynamic,bounded
/home/djnoh/repos/rasta-protocol/sil4/tests/integration/test_rsrx_session_supervisor_flow.c:8101:13:vTestIntegratedPreferredRecoveryMixedTransientResetFlow	11200	dynamic,bounded
/home/djnoh/repos/rasta-protocol/sil4/tests/integration/test_rsrx_session_supervisor_flow.c:8229:13:vTestIntegratedHoldoffSendBudgetIsolationFlow	10656	dynamic,bounded
/home/djnoh/repos/rasta-protocol/sil4/tests/integration/test_rsrx_session_supervisor_flow.c:8331:13:vTestIntegratedHoldoffStaleFeedbackIsolationFlow	10656	dynamic,bounded
/home/djnoh/repos/rasta-protocol/sil4/tests/integration/test_rsrx_session_supervisor_flow.c:8428:13:vTestIntegratedHoldoffStaleCompletionIsolationFlow	10656	dynamic,bounded
/home/djnoh/repos/rasta-protocol/sil4/tests/integration/test_rsrx_session_supervisor_flow.c:8526:13:vTestIntegratedHoldoffStaleCompletionRecoveryOrderingFlow	10656	dynamic,bounded
/home/djnoh/repos/rasta-protocol/sil4/tests/integration/test_rsrx_session_supervisor_flow.c:8637:13:vTestIntegratedHoldoffStaleCompletionBudgetResetFlow	11200	dynamic,bounded
/home/djnoh/repos/rasta-protocol/sil4/tests/integration/test_rsrx_session_supervisor_flow.c:8769:13:vTestIntegratedHoldoffStaleFeedbackRecoveryOrderingFlow	10656	dynamic,bounded
/home/djnoh/repos/rasta-protocol/sil4/tests/integration/test_rsrx_session_supervisor_flow.c:8878:13:vTestIntegratedHoldoffStaleFeedbackSoakFlow	12272	dynamic,bounded
/home/djnoh/repos/rasta-protocol/sil4/tests/integration/test_rsrx_session_supervisor_flow.c:9086:13:vTestIntegratedHoldoffStaleCompletionSoakFlow	12272	dynamic,bounded
/home/djnoh/repos/rasta-protocol/sil4/tests/integration/test_rsrx_session_supervisor_flow.c:9292:13:vTestIntegratedHoldoffReceiveErrorCarryoverFlow	10656	dynamic,bounded
/home/djnoh/repos/rasta-protocol/sil4/tests/integration/test_rsrx_session_supervisor_flow.c:9390:13:vTestIntegratedHoldoffMixedTransientResetFlow	11200	dynamic,bounded
/home/djnoh/repos/rasta-protocol/sil4/tests/integration/test_rsrx_session_supervisor_flow.c:9523:13:vTestIntegratedHoldoffFlapTransientAsymmetryFlow	11200	dynamic,bounded
/home/djnoh/repos/rasta-protocol/sil4/tests/integration/test_rsrx_session_supervisor_flow.c:9671:13:vTestIntegratedRedundancyFlapSoakFlow	10704	dynamic,bounded
/home/djnoh/repos/rasta-protocol/sil4/tests/integration/test_rsrx_session_supervisor_flow.c:9795:13:vTestIntegratedRedundancyFlapTransientSoakFlow	11728	dynamic,bounded
/home/djnoh/repos/rasta-protocol/sil4/tests/integration/test_rsrx_session_supervisor_flow.c:9970:13:vTestIntegratedChannelUpHoldoffTransientSoakFlow	11728	dynamic,bounded
/home/djnoh/repos/rasta-protocol/sil4/tests/integration/test_rsrx_session_supervisor_flow.c:10160:13:vTestIntegratedRedundancyFlapTransientLongRunFlow	12272	dynamic,bounded
/home/djnoh/repos/rasta-protocol/sil4/tests/integration/test_rsrx_session_supervisor_flow.c:10382:13:vTestIntegratedRedundancyFlapTransientLongRunStaleCompletionFlow	12272	dynamic,bounded
/home/djnoh/repos/rasta-protocol/sil4/tests/integration/test_rsrx_session_supervisor_flow.c:10602:13:vTestIntegratedRedundancyFlapTransientLongRunStaleFeedbackFlow	12272	dynamic,bounded
/home/djnoh/repos/rasta-protocol/sil4/tests/integration/test_rsrx_session_supervisor_flow.c:10828:13:vTestIntegratedRedundancyFlapTransientLongRunStaleMixedFeedbackFlow	12272	dynamic,bounded
/home/djnoh/repos/rasta-protocol/sil4/tests/integration/test_rsrx_session_supervisor_flow.c:11066:13:vTestIntegratedRedundancyFlapTransientLongRunRecoveryStaleMixedFeedbackFlow	12272	dynamic,bounded
/home/djnoh/repos/rasta-protocol/sil4/tests/integration/test_rsrx_session_supervisor_flow.c:11332:13:vTestIntegratedRedundancyRecoveryStaleMixedFeedbackBudgetResetFlow	12800	dynamic,bounded
/home/djnoh/repos/rasta-protocol/sil4/tests/integration/test_rsrx_session_supervisor_flow.c:11573:13:vTestIntegratedRedundancyRecoveryStaleMixedFeedbackBudgetResetLongRunFlow	13872	dynamic,bounded
/home/djnoh/repos/rasta-protocol/sil4/tests/integration/test_rsrx_session_supervisor_flow.c:11819:13:vTestIntegratedDecodeFailureFlow	10624	dynamic,bounded
/home/djnoh/repos/rasta-protocol/sil4/tests/integration/test_rsrx_session_supervisor_flow.c:11896:13:vTestIntegratedInvalidChannelDecodeFailureFlow	11168	dynamic,bounded
/home/djnoh/repos/rasta-protocol/sil4/tests/integration/test_rsrx_session_supervisor_flow.c:11985:13:vTestIntegratedNonFrameReceiveNoFrameFlow	11168	dynamic,bounded
/home/djnoh/repos/rasta-protocol/sil4/tests/integration/test_rsrx_session_supervisor_flow.c:12074:13:vTestIntegratedSendFailureBudgetFlow	10656	dynamic,bounded
/home/djnoh/repos/rasta-protocol/sil4/tests/integration/test_rsrx_session_supervisor_flow.c:12158:13:vTestIntegratedSendFailureBudgetResetFlow	11200	dynamic,bounded
/home/djnoh/repos/rasta-protocol/sil4/tests/integration/test_rsrx_session_supervisor_flow.c:12264:13:vTestIntegratedReceiveErrorBudgetFlow	10624	dynamic,bounded
/home/djnoh/repos/rasta-protocol/sil4/tests/integration/test_rsrx_session_supervisor_flow.c:12350:13:vTestIntegratedTopologyMismatchQueryBudgetFlow	10640	dynamic,bounded
/home/djnoh/repos/rasta-protocol/sil4/tests/integration/test_rsrx_session_supervisor_flow.c:12437:13:vTestIntegratedReceiveErrorBudgetResetFlow	11168	dynamic,bounded
/home/djnoh/repos/rasta-protocol/sil4/tests/integration/test_rsrx_session_supervisor_flow.c:12543:13:vTestIntegratedReceiveErrorFailoverCarryoverFlow	10656	dynamic,bounded
/home/djnoh/repos/rasta-protocol/sil4/tests/integration/test_rsrx_session_supervisor_flow.c:12635:13:vTestIntegratedMixedTransientBudgetResetFlow	11200	dynamic,bounded
/home/djnoh/repos/rasta-protocol/sil4/tests/integration/test_rsrx_session_supervisor_flow.c:12752:13:vTestIntegratedDuplicateInboundProtocolErrorFlow	11312	dynamic,bounded
/home/djnoh/repos/rasta-protocol/sil4/tests/integration/test_rsrx_session_supervisor_flow.c:12843:13:vTestIntegratedInitialZeroSequenceProtocolErrorFlow	10624	dynamic,bounded
/home/djnoh/repos/rasta-protocol/sil4/tests/integration/test_rsrx_session_supervisor_flow.c:12908:13:vTestIntegratedProtocolOrderingCloseoutFlow	13344	dynamic,bounded
/home/djnoh/repos/rasta-protocol/sil4/tests/integration/test_rsrx_session_supervisor_flow.c:13102:13:vTestIntegratedPostRecoveryOrderingCloseoutFlow	12800	dynamic,bounded
/home/djnoh/repos/rasta-protocol/sil4/tests/integration/test_rsrx_session_supervisor_flow.c:13276:13:vTestIntegratedRepeatedGapPostRecoveryOrderingFlow	13344	dynamic,bounded
/home/djnoh/repos/rasta-protocol/sil4/tests/integration/test_rsrx_session_supervisor_flow.c:13480:13:vTestIntegratedPostRecoveryHeartbeatOrderingFlow	12800	dynamic,bounded
/home/djnoh/repos/rasta-protocol/sil4/tests/integration/test_rsrx_session_supervisor_flow.c:13651:13:vTestIntegratedRepeatedGapPostRecoveryHeartbeatOrderingFlow	13344	dynamic,bounded
/home/djnoh/repos/rasta-protocol/sil4/tests/integration/test_rsrx_session_supervisor_flow.c:13851:13:vTestIntegratedPostRecoveryRetransmissionRequestOrderingFlow	12800	dynamic,bounded
/home/djnoh/repos/rasta-protocol/sil4/tests/integration/test_rsrx_session_supervisor_flow.c:14027:13:vTestIntegratedRepeatedGapUnconfirmedLatestRecoveryFlow	12272	dynamic,bounded
/home/djnoh/repos/rasta-protocol/sil4/tests/integration/test_rsrx_session_supervisor_flow.c:14174:13:vTestIntegratedRuntimeOrderingCloseoutFlow	11728	dynamic,bounded
/home/djnoh/repos/rasta-protocol/sil4/tests/integration/test_rsrx_session_supervisor_flow.c:14352:13:vTestIntegratedHoldoffFlapRuntimeOrderingCloseoutFlow	11728	dynamic,bounded
/home/djnoh/repos/rasta-protocol/sil4/tests/integration/test_rsrx_session_supervisor_flow.c:14542:13:vTestIntegratedRedundancyHysteresisCloseoutFlow	12272	dynamic,bounded
/home/djnoh/repos/rasta-protocol/sil4/tests/integration/test_rsrx_session_supervisor_flow.c:14723:13:vTestIntegratedHoldoffActiveLossBypassFlow	11200	dynamic,bounded
/home/djnoh/repos/rasta-protocol/sil4/tests/integration/test_rsrx_session_supervisor_flow.c:14914:13:vTestIntegratedHoldoffActiveLossBypassLongRunFlow	11728	dynamic,bounded
/home/djnoh/repos/rasta-protocol/sil4/tests/integration/test_rsrx_session_supervisor_flow.c:15101:13:vTestIntegratedPreferredRecoveryHoldoffThresholdThreeFlow	11200	dynamic,bounded
/home/djnoh/repos/rasta-protocol/sil4/tests/integration/test_rsrx_session_supervisor_flow.c:15211:13:vTestIntegratedPreferredRecoveryHoldoffThresholdFourFlow	11200	dynamic,bounded
/home/djnoh/repos/rasta-protocol/sil4/tests/integration/test_rsrx_session_supervisor_flow.c:15325:13:vTestIntegratedPreferredRecoveryHoldoffThresholdFiveFlow	11200	dynamic,bounded
/home/djnoh/repos/rasta-protocol/sil4/tests/integration/test_rsrx_session_supervisor_flow.c:15443:13:vTestIntegratedPreferredRecoveryHoldoffThresholdSixFlow	11200	dynamic,bounded
/home/djnoh/repos/rasta-protocol/sil4/tests/integration/test_rsrx_session_supervisor_flow.c:15565:13:vTestIntegratedPreferredRecoveryHoldoffThresholdSevenFlow	11200	dynamic,bounded
/home/djnoh/repos/rasta-protocol/sil4/tests/integration/test_rsrx_session_supervisor_flow.c:15691:13:vTestIntegratedPreferredRecoveryHoldoffThresholdEightFlow	11200	dynamic,bounded
/home/djnoh/repos/rasta-protocol/sil4/tests/integration/test_rsrx_session_supervisor_flow.c:15821:13:vTestIntegratedPreferredRecoveryHoldoffThresholdNineFlow	11200	dynamic,bounded
/home/djnoh/repos/rasta-protocol/sil4/tests/integration/test_rsrx_session_supervisor_flow.c:15920:13:vTestIntegratedPreferredRecoveryHoldoffThresholdTenFlow	11200	dynamic,bounded
/home/djnoh/repos/rasta-protocol/sil4/tests/integration/test_rsrx_session_supervisor_flow.c:16022:13:vTestIntegratedPreferredRecoveryHoldoffThresholdElevenFlow	11200	dynamic,bounded
/home/djnoh/repos/rasta-protocol/sil4/tests/integration/test_rsrx_session_supervisor_flow.c:16127:13:vTestIntegratedPreferredRecoveryHoldoffThresholdTwelveFlow	11200	dynamic,bounded
/home/djnoh/repos/rasta-protocol/sil4/tests/integration/test_rsrx_session_supervisor_flow.c:16235:13:vTestIntegratedPreferredRecoveryHoldoffThresholdThirteenFlow	11200	dynamic,bounded
/home/djnoh/repos/rasta-protocol/sil4/tests/integration/test_rsrx_session_supervisor_flow.c:16346:13:vTestIntegratedPreferredRecoveryHoldoffThresholdFourteenFlow	11200	dynamic,bounded
/home/djnoh/repos/rasta-protocol/sil4/tests/integration/test_rsrx_session_supervisor_flow.c:16460:13:vTestIntegratedPreferredRecoveryHoldoffThresholdFifteenFlow	11200	dynamic,bounded
/home/djnoh/repos/rasta-protocol/sil4/tests/integration/test_rsrx_session_supervisor_flow.c:16577:13:vTestIntegratedPreferredRecoveryHoldoffThresholdSixteenFlow	11200	dynamic,bounded
/home/djnoh/repos/rasta-protocol/sil4/tests/integration/test_rsrx_session_supervisor_flow.c:16697:13:vTestIntegratedPreferredRecoveryHoldoffThresholdSeventeenFlow	11200	dynamic,bounded
/home/djnoh/repos/rasta-protocol/sil4/tests/integration/test_rsrx_session_supervisor_flow.c:16820:13:vTestIntegratedPreferredRecoveryHoldoffThresholdEighteenFlow	11200	dynamic,bounded
/home/djnoh/repos/rasta-protocol/sil4/tests/integration/test_rsrx_session_supervisor_flow.c:16946:13:vTestIntegratedPreferredRecoveryHoldoffThresholdNineteenFlow	11200	dynamic,bounded
/home/djnoh/repos/rasta-protocol/sil4/tests/integration/test_rsrx_session_supervisor_flow.c:17030:13:vTestIntegratedPreferredRecoveryHoldoffThresholdTwentyFlow	11200	dynamic,bounded
/home/djnoh/repos/rasta-protocol/sil4/tests/integration/test_rsrx_session_supervisor_flow.c:17114:13:vTestIntegratedSwitchAuditLongRunFlow	10656	dynamic,bounded
/home/djnoh/repos/rasta-protocol/sil4/tests/integration/test_rsrx_session_supervisor_flow.c:17431:13:vTestIntegratedSwitchAuditHoldoffResetFlow	10656	dynamic,bounded
/home/djnoh/repos/rasta-protocol/sil4/tests/integration/test_rsrx_session_supervisor_flow.c:17640:13:vTestIntegratedPreferredRecoveryHoldoffThresholdThreeFlapResetFlow	11200	dynamic,bounded
/home/djnoh/repos/rasta-protocol/sil4/tests/integration/test_rsrx_session_supervisor_flow.c:17763:13:vTestIntegratedPreferredRecoveryHoldoffThresholdFourFlapResetFlow	11200	dynamic,bounded
/home/djnoh/repos/rasta-protocol/sil4/tests/integration/test_rsrx_session_supervisor_flow.c:17890:13:vTestIntegratedPreferredRecoveryHoldoffThresholdFiveFlapResetFlow	11200	dynamic,bounded
/home/djnoh/repos/rasta-protocol/sil4/tests/integration/test_rsrx_session_supervisor_flow.c:18021:13:vTestIntegratedPreferredRecoveryHoldoffThresholdSixFlapResetFlow	11200	dynamic,bounded
/home/djnoh/repos/rasta-protocol/sil4/tests/integration/test_rsrx_session_supervisor_flow.c:18156:13:vTestIntegratedPreferredRecoveryHoldoffThresholdSevenFlapResetFlow	11200	dynamic,bounded
/home/djnoh/repos/rasta-protocol/sil4/tests/integration/test_rsrx_session_supervisor_flow.c:18295:13:vTestIntegratedPreferredRecoveryHoldoffThresholdEightFlapResetFlow	11200	dynamic,bounded
/home/djnoh/repos/rasta-protocol/sil4/tests/integration/test_rsrx_session_supervisor_flow.c:18438:13:vTestIntegratedPreferredRecoveryHoldoffThresholdNineFlapResetFlow	11200	dynamic,bounded
/home/djnoh/repos/rasta-protocol/sil4/tests/integration/test_rsrx_session_supervisor_flow.c:18550:13:vTestIntegratedPreferredRecoveryHoldoffThresholdTenFlapResetFlow	11200	dynamic,bounded
/home/djnoh/repos/rasta-protocol/sil4/tests/integration/test_rsrx_session_supervisor_flow.c:18665:13:vTestIntegratedPreferredRecoveryHoldoffThresholdElevenFlapResetFlow	11200	dynamic,bounded
/home/djnoh/repos/rasta-protocol/sil4/tests/integration/test_rsrx_session_supervisor_flow.c:18789:13:vTestIntegratedPreferredRecoveryHoldoffThresholdTwelveFlapResetFlow	11200	dynamic,bounded
/home/djnoh/repos/rasta-protocol/sil4/tests/integration/test_rsrx_session_supervisor_flow.c:18910:13:vTestIntegratedPreferredRecoveryHoldoffThresholdThirteenFlapResetFlow	11200	dynamic,bounded
/home/djnoh/repos/rasta-protocol/sil4/tests/integration/test_rsrx_session_supervisor_flow.c:19034:13:vTestIntegratedPreferredRecoveryHoldoffThresholdFourteenFlapResetFlow	11200	dynamic,bounded
/home/djnoh/repos/rasta-protocol/sil4/tests/integration/test_rsrx_session_supervisor_flow.c:19161:13:vTestIntegratedPreferredRecoveryHoldoffThresholdFifteenFlapResetFlow	11200	dynamic,bounded
/home/djnoh/repos/rasta-protocol/sil4/tests/integration/test_rsrx_session_supervisor_flow.c:19291:13:vTestIntegratedPreferredRecoveryHoldoffThresholdSixteenFlapResetFlow	11200	dynamic,bounded
/home/djnoh/repos/rasta-protocol/sil4/tests/integration/test_rsrx_session_supervisor_flow.c:19424:13:vTestIntegratedPreferredRecoveryHoldoffThresholdSeventeenFlapResetFlow	11200	dynamic,bounded
/home/djnoh/repos/rasta-protocol/sil4/tests/integration/test_rsrx_session_supervisor_flow.c:19560:13:vTestIntegratedPreferredRecoveryHoldoffThresholdEighteenFlapResetFlow	11200	dynamic,bounded
/home/djnoh/repos/rasta-protocol/sil4/tests/integration/test_rsrx_session_supervisor_flow.c:19699:13:vTestIntegratedPreferredRecoveryHoldoffThresholdNineteenFlapResetFlow	11200	dynamic,bounded
/home/djnoh/repos/rasta-protocol/sil4/tests/integration/test_rsrx_session_supervisor_flow.c:19799:13:vTestIntegratedPreferredRecoveryThresholdCloseoutFlow	16	static
/home/djnoh/repos/rasta-protocol/sil4/tests/integration/test_rsrx_session_supervisor_flow.c:19838:13:vTestIntegratedSwitchAuditCloseoutFlow	16	static
/home/djnoh/repos/rasta-protocol/sil4/tests/integration/test_rsrx_session_supervisor_flow.c:19844:13:vTestIntegratedSwitchAuditCumulativeFlow	16	static
/home/djnoh/repos/rasta-protocol/sil4/tests/integration/test_rsrx_session_supervisor_flow.c:19850:13:vTestIntegratedSwitchAuditReasonFlow	16	static
/home/djnoh/repos/rasta-protocol/sil4/tests/integration/test_rsrx_session_supervisor_flow.c:19855:13:vTestIntegratedSwitchAuditHoldoffProgressFlow	16	static
/home/djnoh/repos/rasta-protocol/sil4/tests/integration/test_rsrx_session_supervisor_flow.c:19860:13:vTestIntegratedSwitchAuditHoldoffResetFlowWrapper	16	static
/home/djnoh/repos/rasta-protocol/sil4/tests/integration/test_rsrx_session_supervisor_flow.c:19865:13:vTestIntegratedSwitchAuditTriggerOriginFlow	16	static
/home/djnoh/repos/rasta-protocol/sil4/tests/integration/test_rsrx_session_supervisor_flow.c:19870:13:vTestIntegratedSwitchAuditHoldoffOutcomeFlow	16	static
/home/djnoh/repos/rasta-protocol/sil4/tests/integration/test_rsrx_session_supervisor_flow.c:19877:13:vTestIntegratedSwitchAuditTerminalOutcomeMixedLongRunFlow	10656	dynamic,bounded
/home/djnoh/repos/rasta-protocol/sil4/tests/integration/test_rsrx_session_supervisor_flow.c:19988:13:vTestIntegratedSwitchAuditTerminalOutcomeThresholdThreeMixedLongRunFlow	10656	dynamic,bounded
/home/djnoh/repos/rasta-protocol/sil4/tests/integration/test_rsrx_session_supervisor_flow.c:20099:13:vTestIntegratedSwitchAuditTerminalOutcomeThresholdFourMixedLongRunFlow	10656	dynamic,bounded
/home/djnoh/repos/rasta-protocol/sil4/tests/integration/test_rsrx_session_supervisor_flow.c:20214:13:vTestIntegratedSwitchAuditTerminalOutcomeThresholdFiveMixedLongRunFlow	10656	dynamic,bounded
/home/djnoh/repos/rasta-protocol/sil4/tests/integration/test_rsrx_session_supervisor_flow.c:20333:13:vTestIntegratedSwitchAuditTerminalOutcomeThresholdSixMixedLongRunFlow	10656	dynamic,bounded
/home/djnoh/repos/rasta-protocol/sil4/tests/integration/test_rsrx_session_supervisor_flow.c:20456:13:vTestIntegratedSwitchAuditTerminalOutcomeThresholdSevenMixedLongRunFlow	10656	dynamic,bounded
/home/djnoh/repos/rasta-protocol/sil4/tests/integration/test_rsrx_session_supervisor_flow.c:20583:13:vTestIntegratedSwitchAuditTerminalOutcomeThresholdEightMixedLongRunFlow	10656	dynamic,bounded
/home/djnoh/repos/rasta-protocol/sil4/tests/integration/test_rsrx_session_supervisor_flow.c:20714:13:vTestIntegratedSwitchAuditTerminalOutcomeThresholdNineMixedLongRunFlow	10656	dynamic,bounded
/home/djnoh/repos/rasta-protocol/sil4/tests/integration/test_rsrx_session_supervisor_flow.c:20849:13:vTestIntegratedSwitchAuditTerminalOutcomeThresholdTenMixedLongRunFlow	10656	dynamic,bounded
/home/djnoh/repos/rasta-protocol/sil4/tests/integration/test_rsrx_session_supervisor_flow.c:20988:13:vTestIntegratedSwitchAuditTerminalOutcomeStabilityLongRunFlow	10656	dynamic,bounded
/home/djnoh/repos/rasta-protocol/sil4/tests/integration/test_rsrx_session_supervisor_flow.c:21108:13:vTestIntegratedSwitchAuditTerminalOutcomeEnvelopeFlow	16	static
/home/djnoh/repos/rasta-protocol/sil4/tests/integration/test_rsrx_session_supervisor_flow.c:21132:13:vTestIntegratedSwitchAuditEnvelopeFlow	16	static
/home/djnoh/repos/rasta-protocol/sil4/tests/integration/test_rsrx_session_supervisor_flow.c:21140:13:vTestIntegratedSwitchAuditTerminalOutcomeThresholdElevenMixedLongRunFlow	10656	dynamic,bounded
/home/djnoh/repos/rasta-protocol/sil4/tests/integration/test_rsrx_session_supervisor_flow.c:21283:13:vTestIntegratedSwitchAuditTerminalOutcomeThresholdTwelveMixedLongRunFlow	10656	dynamic,bounded
/home/djnoh/repos/rasta-protocol/sil4/tests/integration/test_rsrx_session_supervisor_flow.c:21430:13:vTestIntegratedSwitchAuditTerminalOutcomeThresholdThirteenMixedLongRunFlow	10656	dynamic,bounded
/home/djnoh/repos/rasta-protocol/sil4/tests/integration/test_rsrx_session_supervisor_flow.c:21581:13:vTestIntegratedSwitchAuditTerminalOutcomeThresholdFourteenMixedLongRunFlow	10656	dynamic,bounded
/home/djnoh/repos/rasta-protocol/sil4/tests/integration/test_rsrx_session_supervisor_flow.c:21736:13:vTestIntegratedSwitchAuditTerminalOutcomeThresholdFifteenMixedLongRunFlow	10656	dynamic,bounded
/home/djnoh/repos/rasta-protocol/sil4/tests/integration/test_rsrx_session_supervisor_flow.c:21895:13:vTestIntegratedSwitchAuditTerminalOutcomeThresholdSixteenMixedLongRunFlow	10656	dynamic,bounded
/home/djnoh/repos/rasta-protocol/sil4/tests/integration/test_rsrx_session_supervisor_flow.c:22058:13:vTestIntegratedSwitchAuditTerminalOutcomeThresholdSeventeenMixedLongRunFlow	10656	dynamic,bounded
/home/djnoh/repos/rasta-protocol/sil4/tests/integration/test_rsrx_session_supervisor_flow.c:22225:13:vTestIntegratedSwitchAuditTerminalOutcomeThresholdEighteenMixedLongRunFlow	10656	dynamic,bounded
/home/djnoh/repos/rasta-protocol/sil4/tests/integration/test_rsrx_session_supervisor_flow.c:22396:13:vTestIntegratedSwitchAuditTerminalOutcomeThresholdNineteenMixedLongRunFlow	10672	dynamic,bounded
/home/djnoh/repos/rasta-protocol/sil4/tests/integration/test_rsrx_session_supervisor_flow.c:22507:13:vTestIntegratedActiveLossBypassReentersHoldoffFlow	11200	dynamic,bounded
/home/djnoh/repos/rasta-protocol/sil4/tests/integration/test_rsrx_session_supervisor_flow.c:22645:13:vTestIntegratedFlapResetThenActiveLossBypassFlow	11200	dynamic,bounded
/home/djnoh/repos/rasta-protocol/sil4/tests/integration/test_rsrx_session_supervisor_flow.c:22791:13:vTestIntegratedFlapResetThenActiveLossBypassLongRunFlow	11728	dynamic,bounded
/home/djnoh/repos/rasta-protocol/sil4/tests/integration/test_rsrx_session_supervisor_flow.c:22975:13:vTestIntegratedFlapBypassMixedTransientLongRunFlow	11760	dynamic,bounded
/home/djnoh/repos/rasta-protocol/sil4/tests/integration/test_rsrx_session_supervisor_flow.c:23162:13:vTestIntegratedFlapBypassStaleFeedbackLongRunFlow	11728	dynamic,bounded
/home/djnoh/repos/rasta-protocol/sil4/tests/integration/test_rsrx_session_supervisor_flow.c:23362:13:vTestIntegratedFlapBypassStaleCompletionLongRunFlow	11728	dynamic,bounded
/home/djnoh/repos/rasta-protocol/sil4/tests/integration/test_rsrx_session_supervisor_flow.c:23555:13:vTestIntegratedFlapBypassStaleMixedFeedbackBudgetResetLongRunFlow	11760	dynamic,bounded
/home/djnoh/repos/rasta-protocol/sil4/tests/integration/test_rsrx_session_supervisor_flow.c:23767:13:vTestIntegratedFlapBypassStaleCompletionBudgetResetLongRunFlow	11760	dynamic,bounded
/home/djnoh/repos/rasta-protocol/sil4/tests/integration/test_rsrx_session_supervisor_flow.c:23969:13:vTestIntegratedFlapBypassStaleFeedbackBudgetResetLongRunFlow	11760	dynamic,bounded
/home/djnoh/repos/rasta-protocol/sil4/tests/integration/test_rsrx_session_supervisor_flow.c:24171:13:vTestIntegratedFlapBypassReceiveCarryoverFlow	10656	dynamic,bounded
/home/djnoh/repos/rasta-protocol/sil4/tests/integration/test_rsrx_session_supervisor_flow.c:24278:13:vTestIntegratedFlapBypassReceiveResetFlow	11200	dynamic,bounded
/home/djnoh/repos/rasta-protocol/sil4/tests/integration/test_rsrx_session_supervisor_flow.c:24406:13:vTestIntegratedFlapBypassReceiveCarryoverResetLongRunFlow	11200	dynamic,bounded
/home/djnoh/repos/rasta-protocol/sil4/tests/integration/test_rsrx_session_supervisor_flow.c:24565:13:vTestIntegratedRedundancyPolicyCloseoutFlow	16	static
/home/djnoh/repos/rasta-protocol/sil4/tests/integration/test_rsrx_session_supervisor_flow.c:24572:13:vTestIntegratedRedundancyLongRunCloseoutFlow	16	static
/home/djnoh/repos/rasta-protocol/sil4/tests/integration/test_rsrx_session_supervisor_flow.c:24593:13:vTestIntegratedFlapBypassCloseoutFlow	16	static
/home/djnoh/repos/rasta-protocol/sil4/tests/integration/test_rsrx_session_supervisor_flow.c:24607:13:vTestIntegratedRedundancyFeedbackLongRunRepresentativeFlow	16	static
/home/djnoh/repos/rasta-protocol/sil4/tests/integration/test_rsrx_session_supervisor_flow.c:24618:13:vTestIntegratedRedundancyBypassReentryRepresentativeFlow	16	static
/home/djnoh/repos/rasta-protocol/sil4/tests/integration/test_rsrx_session_supervisor_flow.c:24627:13:vTestIntegratedRedundancyFlapBypassReceiveRepresentativeFlow	16	static
/home/djnoh/repos/rasta-protocol/sil4/tests/integration/test_rsrx_session_supervisor_flow.c:24634:13:vTestIntegratedRedundancyStabilityLongRunRepresentativeFlow	16	static
/home/djnoh/repos/rasta-protocol/sil4/tests/integration/test_rsrx_session_supervisor_flow.c:24644:13:vTestIntegratedRedundancyStabilityEnvelopeCloseoutFlow	16	static
/home/djnoh/repos/rasta-protocol/sil4/tests/integration/test_rsrx_session_supervisor_flow.c:24653:13:vTestIntegratedProtocolVariantCloseoutFlow	16	static
/home/djnoh/repos/rasta-protocol/sil4/tests/integration/test_rsrx_session_supervisor_flow.c:24664:13:vTestIntegratedQueueLongRunRepresentativeFlow	16	static
/home/djnoh/repos/rasta-protocol/sil4/tests/integration/test_rsrx_session_supervisor_flow.c:24673:13:vTestIntegratedQueueBackpressureCloseoutFlow	16	static
/home/djnoh/repos/rasta-protocol/sil4/tests/integration/test_rsrx_session_supervisor_flow.c:24685:13:vTestIntegratedInvalidConfirmationProtocolErrorFlow	11168	dynamic,bounded
/home/djnoh/repos/rasta-protocol/sil4/tests/integration/test_rsrx_session_supervisor_flow.c:24775:13:vTestIntegratedFailoverInvalidConfirmationProtocolErrorFlow	11232	dynamic,bounded
/home/djnoh/repos/rasta-protocol/sil4/tests/integration/test_rsrx_session_supervisor_flow.c:24878:13:vTestIntegratedRegressingConfirmationProtocolErrorFlow	11728	dynamic,bounded
/home/djnoh/repos/rasta-protocol/sil4/tests/integration/test_rsrx_session_supervisor_flow.c:25000:13:vTestIntegratedFailoverRegressingConfirmationProtocolErrorFlow	11792	dynamic,bounded
/home/djnoh/repos/rasta-protocol/sil4/tests/integration/test_rsrx_session_supervisor_flow.c:25134:13:vTestIntegratedConnectResponseSequencingRepresentativeFlow	16	static
/home/djnoh/repos/rasta-protocol/sil4/tests/integration/test_rsrx_session_supervisor_flow.c:25143:13:vTestIntegratedNonDataSequencedMessageRepresentativeFlow	16	static
/home/djnoh/repos/rasta-protocol/sil4/tests/integration/test_rsrx_session_supervisor_flow.c:25150:13:vTestIntegratedRuntimeCorrelatedFeedbackRepresentativeFlow	16	static
/home/djnoh/repos/rasta-protocol/sil4/tests/integration/test_rsrx_session_supervisor_flow.c:25156:13:vTestIntegratedRuntimeStaleFeedbackLongRunRepresentativeFlow	16	static
/home/djnoh/repos/rasta-protocol/sil4/tests/integration/test_rsrx_session_supervisor_flow.c:25164:13:vTestIntegratedPumpReceiveStabilityFlow	11840	dynamic,bounded
/home/djnoh/repos/rasta-protocol/sil4/tests/integration/test_rsrx_session_supervisor_flow.c:25295:13:vTestIntegratedBoundedSoakPumpFlow	13520	dynamic,bounded
/home/djnoh/repos/rasta-protocol/sil4/tests/integration/test_rsrx_session_supervisor_flow.c:25435:5:main	16	static
